// Jest Snapshot v1, https://goo.gl/fbAQLP

exports[`TextLink equal to snapshot 1`] = `
.c0 {
  -webkit-text-decoration: none;
  text-decoration: none;
  color: white;
  font-family: 'pixeloid_bold','Segoe UI','Roboto','Oxygen','Ubuntu','Fira Sans','Droid Sans','Helvetica Neue',sans-serif;
  font-weight: normal;
  text-align: center;
}

.c0:hover {
  -webkit-text-decoration: underline;
  text-decoration: underline;
}

<div>
  <span
    class="c0"
  >
    Arriva
  </span>
</div>
`;
