// Jest Snapshot v1, https://goo.gl/fbAQLP

exports[`FadeAnimation equal snapshot 1`] = `
.c0 {
  width: inherit;
  height: inherit;
  -webkit-animation-duration: 800ms;
  animation-duration: 800ms;
  -webkit-animation-fill-mode: forwards;
  animation-fill-mode: forwards;
  -webkit-animation-name: cJoqxJ;
  animation-name: cJoqxJ;
  -webkit-animation-direction: normal;
  animation-direction: normal;
  -webkit-animation-delay: 500ms;
  animation-delay: 500ms;
  -webkit-animation-iteration-count: 1;
  animation-iteration-count: 1;
  -webkit-animation-timing-function: fade;
  animation-timing-function: fade;
}

<div>
  <div
    class="c0"
    direction="in"
  />
</div>
`;
