// Jest Snapshot v1, https://goo.gl/fbAQLP

exports[`Text equal snapshot 1`] = `
.c0 {
  font-size: 14px;
  font-family: 'pixeloid_bold','Segoe UI','Roboto','Oxygen','Ubuntu','Fira Sans','Droid Sans','Helvetica Neue',sans-serif;
  font-weight: normal;
  color: white;
}

@media (min-width:1200px) {
  .c0 {
    font-size: 1vw;
  }
}

<div>
  <p
    class="c0"
  >
    Awesome text
  </p>
</div>
`;
